 ï¿½ï¿½ï¿½ï¿½ï¿½00ï¿½ets Jun  8 2016 00:22:57

rst:0x1 (POWERON_RESET),boot:0x13 (SPI_FAST_FLASH_BOOT)
configsip: 0, SPIWP:0xee
clk_drv:0x00,q_drv:0x00,d_drv:0x00,cs0_drv:0x00,hd_drv:0x00,wp_drv:0x00
mode:DIO, clock div:2
load:0x3fff0030,len:7176
load:0x40078000,len:15564
ho 0 tail 12 room 4
load:0x40080400,len:4
load:0x40080404,len:3904
entry 0x40080640
[0;32mI (30) boot: ESP-IDF v5.3.2-dirty 2nd stage bootloader[0m
[0;32mI (30) boot: compile time Aug 26 2025 21:03:05[0m
[0;32mI (30) boot: Multicore bootloader[0m
[0;32mI (35) boot: chip revision: v1.0[0m
[0;32mI (39) boot.esp32: SPI Speed      : 40MHz[0m
[0;32mI (43) boot.esp32: SPI Mode       : DIO[0m
[0;32mI (48) boot.esp32: SPI Flash Size : 2MB[0m
[0;32mI (53) boot: Enabling RNG early entropy source...[0m
[0;32mI (58) boot: Partition Table:[0m
[0;32mI (62) boot: ## Label            Usage          Type ST Offset   Length[0m
[0;32mI (69) boot:  0 nvs              WiFi data        01 02 00009000 00006000[0m
[0;32mI (76) boot:  1 phy_init         RF data          01 01 0000f000 00001000[0m
[0;32mI (84) boot:  2 factory          factory app      00 00 00010000 00177000[0m
[0;32mI (91) boot: End of partition table[0m
[0;32mI (95) esp_image: segment 0: paddr=00010020 vaddr=3f400020 size=23944h (145732) map[0m
[0;32mI (154) esp_image: segment 1: paddr=0003396c vaddr=3ffbdb60 size=05dc4h ( 24004) load[0m
[0;32mI (163) esp_image: segment 2: paddr=00039738 vaddr=40080000 size=068e0h ( 26848) load[0m
[0;32mI (174) esp_image: segment 3: paddr=00040020 vaddr=400d0020 size=c7b20h (817952) map[0m
[0;32mI (454) esp_image: segment 4: paddr=00107b48 vaddr=400868e0 size=19188h (102792) load[0m
[0;32mI (511) boot: Loaded app from partition at offset 0x10000[0m
[0;32mI (511) boot: Disabling RNG early entropy source...[0m
[0;32mI (523) cpu_start: Multicore app[0m
[0;32mI (532) cpu_start: Pro cpu start user code[0m
[0;32mI (532) cpu_start: cpu freq: 160000000 Hz[0m
[0;32mI (532) app_init: Application information:[0m
[0;32mI (535) app_init: Project name:     com-at[0m
[0;32mI (540) app_init: App version:      da20724-dirty[0m
[0;32mI (545) app_init: Compile time:     Aug 26 2025 21:03:27[0m
[0;32mI (551) app_init: ELF file SHA256:  f2ba669b8...[0m
[0;32mI (556) app_init: ESP-IDF:          v5.3.2-dirty[0m
[0;32mI (562) efuse_init: Min chip rev:     v0.0[0m
[0;32mI (566) efuse_init: Max chip rev:     v3.99 [0m
[0;32mI (571) efuse_init: Chip rev:         v1.0[0m
[0;32mI (576) heap_init: Initializing. RAM available for dynamic allocation:[0m
[0;32mI (583) heap_init: At 3FFAFF10 len 000000F0 (0 KiB): DRAM[0m
[0;32mI (589) heap_init: At 3FFB6388 len 00001C78 (7 KiB): DRAM[0m
[0;32mI (595) heap_init: At 3FFB9A20 len 00004108 (16 KiB): DRAM[0m
[0;32mI (602) heap_init: At 3FFCA898 len 00015768 (85 KiB): DRAM[0m
[0;32mI (608) heap_init: At 3FFE0440 len 00003AE0 (14 KiB): D/IRAM[0m
[0;32mI (614) heap_init: At 3FFE4350 len 0001BCB0 (111 KiB): D/IRAM[0m
[0;32mI (620) heap_init: At 4009FA68 len 00000598 (1 KiB): IRAM[0m
[0;32mI (628) spi_flash: detected chip: generic[0m
[0;32mI (631) spi_flash: flash io: dio[0m
[0;33mW (635) spi_flash: Detected size(4096k) larger than the size in the binary image header(2048k). Using the size in the binary image header.[0m
[0;32mI (649) coexist: coex firmware version: cbb41d7[0m
[0;32mI (654) main_task: Started on CPU0[0m
[0;32mI (664) main_task: Calling app_main()[0m
[0;32mI (704) wifi:wifi driver task: 3ffcf768, prio:23, stack:6656, core=0[0m
[0;32mI (714) wifi:wifi firmware version: b0fd6006b[0m
[0;32mI (714) wifi:wifi certification version: v7.0[0m
[0;32mI (714) wifi:config NVS flash: enabled[0m
[0;32mI (714) wifi:config nano formating: disabled[0m
[0;32mI (724) wifi:Init data frame dynamic rx buffer num: 32[0m
[0;32mI (724) wifi:Init static rx mgmt buffer num: 5[0m
[0;32mI (734) wifi:Init management short buffer num: 32[0m
[0;32mI (734) wifi:Init dynamic tx buffer num: 32[0m
[0;32mI (744) wifi:Init static rx buffer size: 1600[0m
[0;32mI (744) wifi:Init static rx buffer num: 10[0m
[0;32mI (744) wifi:Init dynamic rx buffer num: 32[0m
[0;32mI (754) wifi_init: rx ba win: 6[0m
[0;32mI (754) wifi_init: accept mbox: 6[0m
[0;32mI (754) wifi_init: tcpip mbox: 32[0m
[0;32mI (764) wifi_init: udp mbox: 6[0m
[0;32mI (764) wifi_init: tcp mbox: 6[0m
[0;32mI (774) wifi_init: tcp tx win: 5760[0m
[0;32mI (774) wifi_init: tcp rx win: 5760[0m
[0;32mI (774) wifi_init: tcp mss: 1440[0m
[0;32mI (784) wifi_init: WiFi IRAM OP enabled[0m
[0;32mI (784) wifi_init: WiFi RX IRAM OP enabled[0m
[0;32mI (794) phy_init: phy_version 4840,02e0d70,Sep  2 2024,19:39:07[0m
[0;32mI (874) wifi:mode : sta (a4:cf:12:55:ef:e4)[0m
[0;32mI (874) wifi:enable tsf[0m
[0;32mI (874) AT_WIFI: Wi-Fi initialized in STA mode[0m
[0;32mI (874) AT_WIFI: All AT Wi-Fi commands registered.[0m
[0;32mI (874) AT_BLE: All AT BLE commands registered.[0m
[0;32mI (884) AT_MQTT: All AT MQTT commands registered.[0m
TEST AT+MQTTCONN...
[0;32mI (894) AT_MQTT: MQTT event: 7[0m
[0;31mE (894) mqtt_client: No scheme found[0m
[0;31mE (894) mqtt_client: Failed to create transport list[0m
OK
TEST AT+MQTTPUB...
OK
TEST AT+MQTTSUB...
[0;31mE (2914) mqtt_client: Client has not connected[0m
ERROR
TEST AT+MQTTDISC...
[0;33mW (3914) mqtt_client: Client asked to stop, but was not started[0m
OK
DONE.
[0;32mI (4914) AT_SERVER: Table AT aprÃ¨s init:[0m
[0;32mI (4914) AT_SERVER:   cmd[0]: AT+CWLAP[0m
[0;32mI (4914) AT_SERVER:   cmd[1]: AT+CWJAP[0m
[0;32mI (4914) AT_SERVER:   cmd[2]: AT+CWJAP?[0m
[0;32mI (4914) AT_SERVER:   cmd[3]: AT+CWQAP[0m
[0;32mI (4924) AT_SERVER:   cmd[4]: AT+CWSTATE?[0m
[0;32mI (4924) AT_SERVER:   cmd[5]: AT+CIFSR[0m
[0;32mI (4934) AT_SERVER:   cmd[6]: AT+CWMODE?[0m
[0;32mI (4934) AT_SERVER:   cmd[7]: AT+CWMODE[0m
[0;32mI (4944) AT_SERVER:   cmd[8]: AT+CWAP[0m
[0;32mI (4944) AT_SERVER:   cmd[9]: AT+WIFISTOP[0m
[0;32mI (4944) AT_SERVER:   cmd[10]: AT+BLEBEGIN[0m
[0;32mI (4954) AT_SERVER:   cmd[11]: AT+BLEADVSTOP[0m
[0;32mI (4954) AT_SERVER:   cmd[12]: AT+BLEADVSTART[0m
[0;32mI (4964) AT_SERVER:   cmd[13]: AT+BLESTOP[0m
[0;32mI (4964) AT_SERVER:   cmd[14]: AT+BLECLEAR[0m
[0;32mI (4974) AT_SERVER:   cmd[15]: AT+BLESETNAME[0m
[0;32mI (4974) AT_SERVER:   cmd[16]: AT+BLEMFG[0m
[0;32mI (4984) AT_SERVER:   cmd[17]: AT+BLESCAN[0m
[0;32mI (4984) AT_SERVER:   cmd[18]: AT+MQTTCONN[0m
[0;32mI (4994) AT_SERVER:   cmd[19]: AT+MQTTPUB[0m
[0;32mI (4994) AT_SERVER:   cmd[20]: AT+MQTTSUB[0m
[0;32mI (5004) AT_SERVER:   cmd[21]: AT+MQTTDISC[0m
[0;32mI (5004) AT_SERVER:   cmd[22]: AT[0m
[0;32mI (5014) AT_SERVER:   cmd[23]: AT+HELP[0m
[0;32mI (5014) AT_SERVER: AT Server started (UART task)...[0m
[0;32mI (5024) main_task: Returned from app_main()[0m
